// Jest Snapshot v1, https://goo.gl/fbAQLP

exports[`FavoriteRecipesPage component FavoriteRecipesPage component should render with right amount of elements 1`] = `undefined`;
