// Jest Snapshot v1, https://goo.gl/fbAQLP

exports[`Home component Home component should render with right amount of elements 1`] = `undefined`;
