// Jest Snapshot v1, https://goo.gl/fbAQLP

exports[`MyRecipesDetail component MyRecipesDetail component snapshot should render with right amount of elements 1`] = `undefined`;
