// Jest Snapshot v1, https://goo.gl/fbAQLP

exports[`MyRecipesPage component MyRecipesPage component snapshot should render with right amount of elements 1`] = `undefined`;
