// Jest Snapshot v1, https://goo.gl/fbAQLP

exports[`Profile page component ProfilePage component snapshot should render with right amount of elements 1`] = `undefined`;
