// Jest Snapshot v1, https://goo.gl/fbAQLP

exports[`Login page component Login component snapshot should render with right amount of elements 1`] = `undefined`;
